// Jest Snapshot v1, https://goo.gl/fbAQLP

exports[`Pruebas en componente <GifGridItem/> Debe de mostrar <GifGridItem/> corectamente (hacer match con el snapshot) 1`] = `
<div
  className="card animate__animated animate__fadeIn"
>
  <img
    alt="Un título"
    src="https://localhost/algo.jpg"
  />
  <p>
    Un título
  </p>
</div>
`;
